-- The C compiler identification is GNU 10.5.0
-- The CXX compiler identification is GNU 10.5.0
-- Detecting C compiler ABI info
-- Detecting C compiler ABI info - done
-- Check for working C compiler: /usr/bin/cc - skipped
-- Detecting C compile features
-- Detecting C compile features - done
-- Detecting CXX compiler ABI info
-- Detecting CXX compiler ABI info - done
-- Check for working CXX compiler: /usr/bin/c++ - skipped
-- Detecting CXX compile features
-- Detecting CXX compile features - done
-- Found ament_cmake: 1.3.12 (/opt/ros/humble/share/ament_cmake/cmake)
-- Found Python3: /usr/bin/python3 (found version "3.10.12") found components: Interpreter 
-- Override CMake install command with custom implementation using symlinks instead of copying resources
-- Found rclcpp: 16.0.16 (/opt/ros/humble/share/rclcpp/cmake)
-- Found rosidl_generator_c: 3.1.7 (/opt/ros/humble/share/rosidl_generator_c/cmake)
-- Found rosidl_adapter: 3.1.7 (/opt/ros/humble/share/rosidl_adapter/cmake)
-- Found rosidl_generator_cpp: 3.1.7 (/opt/ros/humble/share/rosidl_generator_cpp/cmake)
-- Using all available rosidl_typesupport_c: rosidl_typesupport_fastrtps_c;rosidl_typesupport_introspection_c
-- Using all available rosidl_typesupport_cpp: rosidl_typesupport_fastrtps_cpp;rosidl_typesupport_introspection_cpp
-- Found rmw_implementation_cmake: 6.1.2 (/opt/ros/humble/share/rmw_implementation_cmake/cmake)
-- Found rmw_cyclonedds_cpp: 1.3.4 (/opt/ros/humble/share/rmw_cyclonedds_cpp/cmake)
-- Using RMW implementation 'rmw_cyclonedds_cpp' as default
-- Looking for pthread.h
-- Looking for pthread.h - found
-- Performing Test CMAKE_HAVE_LIBC_PTHREAD
-- Performing Test CMAKE_HAVE_LIBC_PTHREAD - Success
-- Found Threads: TRUE  
-- Found sensor_msgs: 4.9.0 (/opt/ros/humble/share/sensor_msgs/cmake)
-- Found custom_msgs: 0.0.0 (/home/uonaim/foot_ws/install/custom_msgs/share/custom_msgs/cmake)
-- Configuring done
-- Generating done
-- Build files have been written to: /home/uonaim/mujoco_micro/build/mujoco_micro
[ 28%] [32mBuilding CXX object CMakeFiles/mujoco_micro_core.dir/src/control_core.cpp.o[0m
[ 28%] [32mBuilding CXX object CMakeFiles/mujoco_micro_core.dir/src/kinematics.cpp.o[0m
[ 42%] [32m[1mLinking CXX static library libmujoco_micro_core.a[0m
[ 42%] Built target mujoco_micro_core
[ 71%] [32mBuilding CXX object CMakeFiles/mujoco_micro_core_self_check.dir/tools/core_self_check.cpp.o[0m
[ 71%] [32mBuilding CXX object CMakeFiles/mujoco_micro_node.dir/src/mujoco_micro_node.cpp.o[0m
[ 85%] [32m[1mLinking CXX executable mujoco_micro_core_self_check[0m
[ 85%] Built target mujoco_micro_core_self_check
[100%] [32m[1mLinking CXX executable mujoco_micro_node[0m
[100%] Built target mujoco_micro_node
-- Install configuration: ""
-- Execute custom install script
-- Symlinking: /home/uonaim/mujoco_micro/install/mujoco_micro/lib/libmujoco_micro_core.a
-- Symlinking: /home/uonaim/mujoco_micro/install/mujoco_micro/lib/mujoco_micro/mujoco_micro_node
-- Symlinking: /home/uonaim/mujoco_micro/install/mujoco_micro/lib/mujoco_micro/mujoco_micro_core_self_check
-- Symlinking: /home/uonaim/mujoco_micro/install/mujoco_micro/include/mujoco_micro/control_core.hpp
-- Symlinking: /home/uonaim/mujoco_micro/install/mujoco_micro/include/mujoco_micro/kinematics.hpp
-- Symlinking: /home/uonaim/mujoco_micro/install/mujoco_micro/share/mujoco_micro/launch/mujoco_micro.launch.py
-- Symlinking: /home/uonaim/mujoco_micro/install/mujoco_micro/share/mujoco_micro/config/mujoco_micro.yaml
-- Symlinking: /home/uonaim/mujoco_micro/install/mujoco_micro/share/mujoco_micro/config/mujoco_micro_mujoco_equivalent.yaml
-- Symlinking: /home/uonaim/mujoco_micro/install/mujoco_micro/lib/mujoco_micro/check_topics.sh
-- Symlinking: /home/uonaim/mujoco_micro/install/mujoco_micro/lib/mujoco_micro/check_message_api.sh
-- Symlinking: /home/uonaim/mujoco_micro/install/mujoco_micro/lib/mujoco_micro/mujoco_micro_debug_monitor.py
-- Symlinking: /home/uonaim/mujoco_micro/install/mujoco_micro/lib/mujoco_micro/generate_lqr_gains.py
-- Symlinking: /home/uonaim/mujoco_micro/install/mujoco_micro/share/mujoco_micro/environment/library_path.sh
-- Symlinking: /home/uonaim/mujoco_micro/install/mujoco_micro/share/mujoco_micro/environment/library_path.dsv
-- Symlinking: /home/uonaim/mujoco_micro/install/mujoco_micro/share/ament_index/resource_index/package_run_dependencies/mujoco_micro
-- Symlinking: /home/uonaim/mujoco_micro/install/mujoco_micro/share/ament_index/resource_index/parent_prefix_path/mujoco_micro
-- Symlinking: /home/uonaim/mujoco_micro/install/mujoco_micro/share/mujoco_micro/environment/ament_prefix_path.sh
-- Symlinking: /home/uonaim/mujoco_micro/install/mujoco_micro/share/mujoco_micro/environment/ament_prefix_path.dsv
-- Symlinking: /home/uonaim/mujoco_micro/install/mujoco_micro/share/mujoco_micro/environment/path.sh
-- Symlinking: /home/uonaim/mujoco_micro/install/mujoco_micro/share/mujoco_micro/environment/path.dsv
-- Symlinking: /home/uonaim/mujoco_micro/install/mujoco_micro/share/mujoco_micro/local_setup.bash
-- Symlinking: /home/uonaim/mujoco_micro/install/mujoco_micro/share/mujoco_micro/local_setup.sh
-- Symlinking: /home/uonaim/mujoco_micro/install/mujoco_micro/share/mujoco_micro/local_setup.zsh
-- Symlinking: /home/uonaim/mujoco_micro/install/mujoco_micro/share/mujoco_micro/local_setup.dsv
-- Symlinking: /home/uonaim/mujoco_micro/install/mujoco_micro/share/mujoco_micro/package.dsv
-- Symlinking: /home/uonaim/mujoco_micro/install/mujoco_micro/share/ament_index/resource_index/packages/mujoco_micro
-- Symlinking: /home/uonaim/mujoco_micro/install/mujoco_micro/share/mujoco_micro/cmake/ament_cmake_export_include_directories-extras.cmake
-- Symlinking: /home/uonaim/mujoco_micro/install/mujoco_micro/share/mujoco_micro/cmake/ament_cmake_export_libraries-extras.cmake
-- Symlinking: /home/uonaim/mujoco_micro/install/mujoco_micro/share/mujoco_micro/cmake/mujoco_microConfig.cmake
-- Symlinking: /home/uonaim/mujoco_micro/install/mujoco_micro/share/mujoco_micro/cmake/mujoco_microConfig-version.cmake
-- Symlinking: /home/uonaim/mujoco_micro/install/mujoco_micro/share/mujoco_micro/package.xml
