[0.012s] Invoking command in '/home/uonaim/mujoco_micro/build/mujoco_micro': CMAKE_PREFIX_PATH=${CMAKE_PREFIX_PATH}:/home/uonaim/softdrone_ws/install/soft_drone_controller:/home/uonaim/softdrone_ws/install/soem:/home/uonaim/softdrone_ws/install/imu_processor_pkg:/home/uonaim/softdrone_ws/install/deri:/home/uonaim/rotors_ws/install/soft_drone_controller:/opt/ros/humble NX_CONNECTION=10.176.85.17 63811 10.176.160.150 4000 /usr/bin/cmake /home/uonaim/mujoco_micro/src/mujoco_micro -DAMENT_CMAKE_SYMLINK_INSTALL=1 -DCMAKE_INSTALL_PREFIX=/home/uonaim/mujoco_micro/install/mujoco_micro
[0.090s] -- The C compiler identification is GNU 10.5.0
[0.159s] -- The CXX compiler identification is GNU 10.5.0
[0.169s] -- Detecting C compiler ABI info
[0.270s] -- Detecting C compiler ABI info - done
[0.274s] -- Check for working C compiler: /usr/bin/cc - skipped
[0.274s] -- Detecting C compile features
[0.275s] -- Detecting C compile features - done
[0.278s] -- Detecting CXX compiler ABI info
[0.391s] -- Detecting CXX compiler ABI info - done
[0.395s] -- Check for working CXX compiler: /usr/bin/c++ - skipped
[0.396s] -- Detecting CXX compile features
[0.396s] -- Detecting CXX compile features - done
[0.403s] -- Found ament_cmake: 1.3.12 (/opt/ros/humble/share/ament_cmake/cmake)
[0.572s] -- Found Python3: /usr/bin/python3 (found version "3.10.12") found components: Interpreter 
[0.633s] -- Override CMake install command with custom implementation using symlinks instead of copying resources
[0.721s] -- Found rclcpp: 16.0.16 (/opt/ros/humble/share/rclcpp/cmake)
[0.811s] -- Found rosidl_generator_c: 3.1.7 (/opt/ros/humble/share/rosidl_generator_c/cmake)
[0.825s] -- Found rosidl_adapter: 3.1.7 (/opt/ros/humble/share/rosidl_adapter/cmake)
[0.841s] -- Found rosidl_generator_cpp: 3.1.7 (/opt/ros/humble/share/rosidl_generator_cpp/cmake)
[0.860s] -- Using all available rosidl_typesupport_c: rosidl_typesupport_fastrtps_c;rosidl_typesupport_introspection_c
[0.886s] -- Using all available rosidl_typesupport_cpp: rosidl_typesupport_fastrtps_cpp;rosidl_typesupport_introspection_cpp
[0.965s] -- Found rmw_implementation_cmake: 6.1.2 (/opt/ros/humble/share/rmw_implementation_cmake/cmake)
[0.972s] -- Found rmw_cyclonedds_cpp: 1.3.4 (/opt/ros/humble/share/rmw_cyclonedds_cpp/cmake)
[1.013s] -- Using RMW implementation 'rmw_cyclonedds_cpp' as default
[1.034s] -- Looking for pthread.h
[1.137s] -- Looking for pthread.h - found
[1.137s] -- Performing Test CMAKE_HAVE_LIBC_PTHREAD
[1.237s] -- Performing Test CMAKE_HAVE_LIBC_PTHREAD - Success
[1.238s] -- Found Threads: TRUE  
[1.299s] -- Found sensor_msgs: 4.9.0 (/opt/ros/humble/share/sensor_msgs/cmake)
[1.328s] -- Found custom_msgs: 0.0.0 (/home/uonaim/foot_ws/install/custom_msgs/share/custom_msgs/cmake)
[1.405s] -- Configuring done
[1.422s] -- Generating done
[1.426s] -- Build files have been written to: /home/uonaim/mujoco_micro/build/mujoco_micro
[1.440s] Invoked command in '/home/uonaim/mujoco_micro/build/mujoco_micro' returned '0': CMAKE_PREFIX_PATH=${CMAKE_PREFIX_PATH}:/home/uonaim/softdrone_ws/install/soft_drone_controller:/home/uonaim/softdrone_ws/install/soem:/home/uonaim/softdrone_ws/install/imu_processor_pkg:/home/uonaim/softdrone_ws/install/deri:/home/uonaim/rotors_ws/install/soft_drone_controller:/opt/ros/humble NX_CONNECTION=10.176.85.17 63811 10.176.160.150 4000 /usr/bin/cmake /home/uonaim/mujoco_micro/src/mujoco_micro -DAMENT_CMAKE_SYMLINK_INSTALL=1 -DCMAKE_INSTALL_PREFIX=/home/uonaim/mujoco_micro/install/mujoco_micro
[1.441s] Invoking command in '/home/uonaim/mujoco_micro/build/mujoco_micro': CMAKE_PREFIX_PATH=${CMAKE_PREFIX_PATH}:/home/uonaim/softdrone_ws/install/soft_drone_controller:/home/uonaim/softdrone_ws/install/soem:/home/uonaim/softdrone_ws/install/imu_processor_pkg:/home/uonaim/softdrone_ws/install/deri:/home/uonaim/rotors_ws/install/soft_drone_controller:/opt/ros/humble NX_CONNECTION=10.176.85.17 63811 10.176.160.150 4000 /usr/bin/cmake --build /home/uonaim/mujoco_micro/build/mujoco_micro -- -j14 -l14
[1.519s] [ 28%] [32mBuilding CXX object CMakeFiles/mujoco_micro_core.dir/src/control_core.cpp.o[0m
[1.519s] [ 28%] [32mBuilding CXX object CMakeFiles/mujoco_micro_core.dir/src/kinematics.cpp.o[0m
[1.898s] [ 42%] [32m[1mLinking CXX static library libmujoco_micro_core.a[0m
[1.950s] [ 42%] Built target mujoco_micro_core
[1.981s] [ 71%] [32mBuilding CXX object CMakeFiles/mujoco_micro_core_self_check.dir/tools/core_self_check.cpp.o[0m
[1.981s] [ 71%] [32mBuilding CXX object CMakeFiles/mujoco_micro_node.dir/src/mujoco_micro_node.cpp.o[0m
[2.405s] [ 85%] [32m[1mLinking CXX executable mujoco_micro_core_self_check[0m
[2.501s] [ 85%] Built target mujoco_micro_core_self_check
[15.039s] [100%] [32m[1mLinking CXX executable mujoco_micro_node[0m
[15.662s] [100%] Built target mujoco_micro_node
[15.680s] Invoked command in '/home/uonaim/mujoco_micro/build/mujoco_micro' returned '0': CMAKE_PREFIX_PATH=${CMAKE_PREFIX_PATH}:/home/uonaim/softdrone_ws/install/soft_drone_controller:/home/uonaim/softdrone_ws/install/soem:/home/uonaim/softdrone_ws/install/imu_processor_pkg:/home/uonaim/softdrone_ws/install/deri:/home/uonaim/rotors_ws/install/soft_drone_controller:/opt/ros/humble NX_CONNECTION=10.176.85.17 63811 10.176.160.150 4000 /usr/bin/cmake --build /home/uonaim/mujoco_micro/build/mujoco_micro -- -j14 -l14
[15.696s] Invoking command in '/home/uonaim/mujoco_micro/build/mujoco_micro': CMAKE_PREFIX_PATH=${CMAKE_PREFIX_PATH}:/home/uonaim/softdrone_ws/install/soft_drone_controller:/home/uonaim/softdrone_ws/install/soem:/home/uonaim/softdrone_ws/install/imu_processor_pkg:/home/uonaim/softdrone_ws/install/deri:/home/uonaim/rotors_ws/install/soft_drone_controller:/opt/ros/humble NX_CONNECTION=10.176.85.17 63811 10.176.160.150 4000 /usr/bin/cmake --install /home/uonaim/mujoco_micro/build/mujoco_micro
[15.708s] -- Install configuration: ""
[15.708s] -- Execute custom install script
[15.709s] -- Symlinking: /home/uonaim/mujoco_micro/install/mujoco_micro/lib/libmujoco_micro_core.a
[15.722s] -- Symlinking: /home/uonaim/mujoco_micro/install/mujoco_micro/lib/mujoco_micro/mujoco_micro_node
[15.735s] -- Symlinking: /home/uonaim/mujoco_micro/install/mujoco_micro/lib/mujoco_micro/mujoco_micro_core_self_check
[15.749s] -- Symlinking: /home/uonaim/mujoco_micro/install/mujoco_micro/include/mujoco_micro/control_core.hpp
[15.761s] -- Symlinking: /home/uonaim/mujoco_micro/install/mujoco_micro/include/mujoco_micro/kinematics.hpp
[15.777s] -- Symlinking: /home/uonaim/mujoco_micro/install/mujoco_micro/share/mujoco_micro/launch/mujoco_micro.launch.py
[15.791s] -- Symlinking: /home/uonaim/mujoco_micro/install/mujoco_micro/share/mujoco_micro/config/mujoco_micro.yaml
[15.805s] -- Symlinking: /home/uonaim/mujoco_micro/install/mujoco_micro/share/mujoco_micro/config/mujoco_micro_mujoco_equivalent.yaml
[15.819s] -- Symlinking: /home/uonaim/mujoco_micro/install/mujoco_micro/lib/mujoco_micro/check_topics.sh
[15.833s] -- Symlinking: /home/uonaim/mujoco_micro/install/mujoco_micro/lib/mujoco_micro/check_message_api.sh
[15.846s] -- Symlinking: /home/uonaim/mujoco_micro/install/mujoco_micro/lib/mujoco_micro/mujoco_micro_debug_monitor.py
[15.861s] -- Symlinking: /home/uonaim/mujoco_micro/install/mujoco_micro/lib/mujoco_micro/generate_lqr_gains.py
[15.874s] -- Symlinking: /home/uonaim/mujoco_micro/install/mujoco_micro/share/mujoco_micro/environment/library_path.sh
[15.889s] -- Symlinking: /home/uonaim/mujoco_micro/install/mujoco_micro/share/mujoco_micro/environment/library_path.dsv
[15.905s] -- Symlinking: /home/uonaim/mujoco_micro/install/mujoco_micro/share/ament_index/resource_index/package_run_dependencies/mujoco_micro
[15.919s] -- Symlinking: /home/uonaim/mujoco_micro/install/mujoco_micro/share/ament_index/resource_index/parent_prefix_path/mujoco_micro
[15.933s] -- Symlinking: /home/uonaim/mujoco_micro/install/mujoco_micro/share/mujoco_micro/environment/ament_prefix_path.sh
[15.945s] -- Symlinking: /home/uonaim/mujoco_micro/install/mujoco_micro/share/mujoco_micro/environment/ament_prefix_path.dsv
[15.958s] -- Symlinking: /home/uonaim/mujoco_micro/install/mujoco_micro/share/mujoco_micro/environment/path.sh
[15.972s] -- Symlinking: /home/uonaim/mujoco_micro/install/mujoco_micro/share/mujoco_micro/environment/path.dsv
[15.985s] -- Symlinking: /home/uonaim/mujoco_micro/install/mujoco_micro/share/mujoco_micro/local_setup.bash
[16.000s] -- Symlinking: /home/uonaim/mujoco_micro/install/mujoco_micro/share/mujoco_micro/local_setup.sh
[16.013s] -- Symlinking: /home/uonaim/mujoco_micro/install/mujoco_micro/share/mujoco_micro/local_setup.zsh
[16.026s] -- Symlinking: /home/uonaim/mujoco_micro/install/mujoco_micro/share/mujoco_micro/local_setup.dsv
[16.039s] -- Symlinking: /home/uonaim/mujoco_micro/install/mujoco_micro/share/mujoco_micro/package.dsv
[16.051s] -- Symlinking: /home/uonaim/mujoco_micro/install/mujoco_micro/share/ament_index/resource_index/packages/mujoco_micro
[16.064s] -- Symlinking: /home/uonaim/mujoco_micro/install/mujoco_micro/share/mujoco_micro/cmake/ament_cmake_export_include_directories-extras.cmake
[16.078s] -- Symlinking: /home/uonaim/mujoco_micro/install/mujoco_micro/share/mujoco_micro/cmake/ament_cmake_export_libraries-extras.cmake
[16.093s] -- Symlinking: /home/uonaim/mujoco_micro/install/mujoco_micro/share/mujoco_micro/cmake/mujoco_microConfig.cmake
[16.108s] -- Symlinking: /home/uonaim/mujoco_micro/install/mujoco_micro/share/mujoco_micro/cmake/mujoco_microConfig-version.cmake
[16.122s] -- Symlinking: /home/uonaim/mujoco_micro/install/mujoco_micro/share/mujoco_micro/package.xml
[16.138s] Invoked command in '/home/uonaim/mujoco_micro/build/mujoco_micro' returned '0': CMAKE_PREFIX_PATH=${CMAKE_PREFIX_PATH}:/home/uonaim/softdrone_ws/install/soft_drone_controller:/home/uonaim/softdrone_ws/install/soem:/home/uonaim/softdrone_ws/install/imu_processor_pkg:/home/uonaim/softdrone_ws/install/deri:/home/uonaim/rotors_ws/install/soft_drone_controller:/opt/ros/humble NX_CONNECTION=10.176.85.17 63811 10.176.160.150 4000 /usr/bin/cmake --install /home/uonaim/mujoco_micro/build/mujoco_micro
