[0.014s] Invoking command in '/home/uonaim/mujoco_micro/build/mujoco_micro': CMAKE_PREFIX_PATH=${CMAKE_PREFIX_PATH}:/home/uonaim/softdrone_ws/install/soft_drone_controller:/home/uonaim/softdrone_ws/install/soem:/home/uonaim/softdrone_ws/install/imu_processor_pkg:/home/uonaim/softdrone_ws/install/deri:/home/uonaim/rotors_ws/install/soft_drone_controller:/opt/ros/humble NX_CONNECTION=10.176.85.17 63811 10.176.160.150 4000 /usr/bin/cmake /home/uonaim/mujoco_micro/src/mujoco_micro -DCMAKE_INSTALL_PREFIX=/home/uonaim/mujoco_micro/install/mujoco_micro
[0.032s] -- Found ament_cmake: 1.3.12 (/opt/ros/humble/share/ament_cmake/cmake)
[0.149s] -- Override CMake install command with custom implementation using symlinks instead of copying resources
[0.155s] -- Found rclcpp: 16.0.16 (/opt/ros/humble/share/rclcpp/cmake)
[0.182s] -- Found rosidl_generator_c: 3.1.7 (/opt/ros/humble/share/rosidl_generator_c/cmake)
[0.183s] -- Found rosidl_adapter: 3.1.7 (/opt/ros/humble/share/rosidl_adapter/cmake)
[0.188s] -- Found rosidl_generator_cpp: 3.1.7 (/opt/ros/humble/share/rosidl_generator_cpp/cmake)
[0.195s] -- Using all available rosidl_typesupport_c: rosidl_typesupport_fastrtps_c;rosidl_typesupport_introspection_c
[0.205s] -- Using all available rosidl_typesupport_cpp: rosidl_typesupport_fastrtps_cpp;rosidl_typesupport_introspection_cpp
[0.230s] -- Found rmw_implementation_cmake: 6.1.2 (/opt/ros/humble/share/rmw_implementation_cmake/cmake)
[0.232s] -- Found rmw_cyclonedds_cpp: 1.3.4 (/opt/ros/humble/share/rmw_cyclonedds_cpp/cmake)
[0.247s] -- Using RMW implementation 'rmw_cyclonedds_cpp' as default
[0.283s] -- Found sensor_msgs: 4.9.0 (/opt/ros/humble/share/sensor_msgs/cmake)
[0.306s] -- Found custom_msgs: 0.0.0 (/home/uonaim/foot_ws/install/custom_msgs/share/custom_msgs/cmake)
[0.382s] -- Configuring done
[0.398s] -- Generating done
[0.402s] -- Build files have been written to: /home/uonaim/mujoco_micro/build/mujoco_micro
[0.410s] Invoked command in '/home/uonaim/mujoco_micro/build/mujoco_micro' returned '0': CMAKE_PREFIX_PATH=${CMAKE_PREFIX_PATH}:/home/uonaim/softdrone_ws/install/soft_drone_controller:/home/uonaim/softdrone_ws/install/soem:/home/uonaim/softdrone_ws/install/imu_processor_pkg:/home/uonaim/softdrone_ws/install/deri:/home/uonaim/rotors_ws/install/soft_drone_controller:/opt/ros/humble NX_CONNECTION=10.176.85.17 63811 10.176.160.150 4000 /usr/bin/cmake /home/uonaim/mujoco_micro/src/mujoco_micro -DCMAKE_INSTALL_PREFIX=/home/uonaim/mujoco_micro/install/mujoco_micro
[0.412s] Invoking command in '/home/uonaim/mujoco_micro/build/mujoco_micro': CMAKE_PREFIX_PATH=${CMAKE_PREFIX_PATH}:/home/uonaim/softdrone_ws/install/soft_drone_controller:/home/uonaim/softdrone_ws/install/soem:/home/uonaim/softdrone_ws/install/imu_processor_pkg:/home/uonaim/softdrone_ws/install/deri:/home/uonaim/rotors_ws/install/soft_drone_controller:/opt/ros/humble NX_CONNECTION=10.176.85.17 63811 10.176.160.150 4000 /usr/bin/cmake --build /home/uonaim/mujoco_micro/build/mujoco_micro -- -j14 -l14
[0.475s] [35m[1mConsolidate compiler generated dependencies of target mujoco_micro_core[0m
[0.497s] [ 42%] Built target mujoco_micro_core
[0.516s] [35m[1mConsolidate compiler generated dependencies of target mujoco_micro_node[0m
[0.516s] [35m[1mConsolidate compiler generated dependencies of target mujoco_micro_core_self_check[0m
[0.538s] [ 71%] Built target mujoco_micro_core_self_check
[0.543s] [100%] Built target mujoco_micro_node
[0.561s] Invoked command in '/home/uonaim/mujoco_micro/build/mujoco_micro' returned '0': CMAKE_PREFIX_PATH=${CMAKE_PREFIX_PATH}:/home/uonaim/softdrone_ws/install/soft_drone_controller:/home/uonaim/softdrone_ws/install/soem:/home/uonaim/softdrone_ws/install/imu_processor_pkg:/home/uonaim/softdrone_ws/install/deri:/home/uonaim/rotors_ws/install/soft_drone_controller:/opt/ros/humble NX_CONNECTION=10.176.85.17 63811 10.176.160.150 4000 /usr/bin/cmake --build /home/uonaim/mujoco_micro/build/mujoco_micro -- -j14 -l14
[0.575s] Invoking command in '/home/uonaim/mujoco_micro/build/mujoco_micro': CMAKE_PREFIX_PATH=${CMAKE_PREFIX_PATH}:/home/uonaim/softdrone_ws/install/soft_drone_controller:/home/uonaim/softdrone_ws/install/soem:/home/uonaim/softdrone_ws/install/imu_processor_pkg:/home/uonaim/softdrone_ws/install/deri:/home/uonaim/rotors_ws/install/soft_drone_controller:/opt/ros/humble NX_CONNECTION=10.176.85.17 63811 10.176.160.150 4000 /usr/bin/cmake --install /home/uonaim/mujoco_micro/build/mujoco_micro
[0.586s] -- Install configuration: ""
[0.586s] -- Execute custom install script
[0.587s] -- Up-to-date symlink: /home/uonaim/mujoco_micro/install/mujoco_micro/lib/libmujoco_micro_core.a
[0.587s] -- Up-to-date symlink: /home/uonaim/mujoco_micro/install/mujoco_micro/lib/mujoco_micro/mujoco_micro_node
[0.587s] -- Up-to-date symlink: /home/uonaim/mujoco_micro/install/mujoco_micro/lib/mujoco_micro/mujoco_micro_core_self_check
[0.587s] -- Up-to-date symlink: /home/uonaim/mujoco_micro/install/mujoco_micro/include/mujoco_micro/control_core.hpp
[0.587s] -- Up-to-date symlink: /home/uonaim/mujoco_micro/install/mujoco_micro/include/mujoco_micro/kinematics.hpp
[0.588s] -- Up-to-date symlink: /home/uonaim/mujoco_micro/install/mujoco_micro/share/mujoco_micro/launch/mujoco_micro.launch.py
[0.588s] -- Up-to-date symlink: /home/uonaim/mujoco_micro/install/mujoco_micro/share/mujoco_micro/config/mujoco_micro.yaml
[0.588s] -- Up-to-date symlink: /home/uonaim/mujoco_micro/install/mujoco_micro/share/mujoco_micro/config/mujoco_micro_mujoco_equivalent.yaml
[0.588s] -- Up-to-date symlink: /home/uonaim/mujoco_micro/install/mujoco_micro/lib/mujoco_micro/check_topics.sh
[0.588s] -- Up-to-date symlink: /home/uonaim/mujoco_micro/install/mujoco_micro/lib/mujoco_micro/check_message_api.sh
[0.588s] -- Up-to-date symlink: /home/uonaim/mujoco_micro/install/mujoco_micro/lib/mujoco_micro/mujoco_micro_debug_monitor.py
[0.588s] -- Up-to-date symlink: /home/uonaim/mujoco_micro/install/mujoco_micro/lib/mujoco_micro/generate_lqr_gains.py
[0.588s] -- Up-to-date symlink: /home/uonaim/mujoco_micro/install/mujoco_micro/share/mujoco_micro/environment/library_path.sh
[0.589s] -- Up-to-date symlink: /home/uonaim/mujoco_micro/install/mujoco_micro/share/mujoco_micro/environment/library_path.dsv
[0.589s] -- Up-to-date symlink: /home/uonaim/mujoco_micro/install/mujoco_micro/share/ament_index/resource_index/package_run_dependencies/mujoco_micro
[0.589s] -- Up-to-date symlink: /home/uonaim/mujoco_micro/install/mujoco_micro/share/ament_index/resource_index/parent_prefix_path/mujoco_micro
[0.589s] -- Up-to-date symlink: /home/uonaim/mujoco_micro/install/mujoco_micro/share/mujoco_micro/environment/ament_prefix_path.sh
[0.589s] -- Up-to-date symlink: /home/uonaim/mujoco_micro/install/mujoco_micro/share/mujoco_micro/environment/ament_prefix_path.dsv
[0.589s] -- Up-to-date symlink: /home/uonaim/mujoco_micro/install/mujoco_micro/share/mujoco_micro/environment/path.sh
[0.589s] -- Up-to-date symlink: /home/uonaim/mujoco_micro/install/mujoco_micro/share/mujoco_micro/environment/path.dsv
[0.590s] -- Up-to-date symlink: /home/uonaim/mujoco_micro/install/mujoco_micro/share/mujoco_micro/local_setup.bash
[0.590s] -- Up-to-date symlink: /home/uonaim/mujoco_micro/install/mujoco_micro/share/mujoco_micro/local_setup.sh
[0.590s] -- Up-to-date symlink: /home/uonaim/mujoco_micro/install/mujoco_micro/share/mujoco_micro/local_setup.zsh
[0.590s] -- Up-to-date symlink: /home/uonaim/mujoco_micro/install/mujoco_micro/share/mujoco_micro/local_setup.dsv
[0.590s] -- Symlinking: /home/uonaim/mujoco_micro/install/mujoco_micro/share/mujoco_micro/package.dsv
[0.604s] -- Up-to-date symlink: /home/uonaim/mujoco_micro/install/mujoco_micro/share/ament_index/resource_index/packages/mujoco_micro
[0.604s] -- Up-to-date symlink: /home/uonaim/mujoco_micro/install/mujoco_micro/share/mujoco_micro/cmake/ament_cmake_export_include_directories-extras.cmake
[0.605s] -- Up-to-date symlink: /home/uonaim/mujoco_micro/install/mujoco_micro/share/mujoco_micro/cmake/ament_cmake_export_libraries-extras.cmake
[0.605s] -- Up-to-date symlink: /home/uonaim/mujoco_micro/install/mujoco_micro/share/mujoco_micro/cmake/mujoco_microConfig.cmake
[0.605s] -- Up-to-date symlink: /home/uonaim/mujoco_micro/install/mujoco_micro/share/mujoco_micro/cmake/mujoco_microConfig-version.cmake
[0.605s] -- Up-to-date symlink: /home/uonaim/mujoco_micro/install/mujoco_micro/share/mujoco_micro/package.xml
[0.608s] Invoked command in '/home/uonaim/mujoco_micro/build/mujoco_micro' returned '0': CMAKE_PREFIX_PATH=${CMAKE_PREFIX_PATH}:/home/uonaim/softdrone_ws/install/soft_drone_controller:/home/uonaim/softdrone_ws/install/soem:/home/uonaim/softdrone_ws/install/imu_processor_pkg:/home/uonaim/softdrone_ws/install/deri:/home/uonaim/rotors_ws/install/soft_drone_controller:/opt/ros/humble NX_CONNECTION=10.176.85.17 63811 10.176.160.150 4000 /usr/bin/cmake --install /home/uonaim/mujoco_micro/build/mujoco_micro
