[0.089s] DEBUG:colcon:Command line arguments: ['/usr/bin/colcon', 'build']
[0.089s] DEBUG:colcon:Parsed command line arguments: Namespace(log_base=None, log_level=None, verb_name='build', build_base='build', install_base='install', merge_install=False, symlink_install=False, test_result_base=None, continue_on_error=False, executor='parallel', parallel_workers=14, event_handlers=None, ignore_user_meta=False, metas=['./colcon.meta'], base_paths=['.'], packages_ignore=None, packages_ignore_regex=None, paths=None, packages_up_to=None, packages_up_to_regex=None, packages_above=None, packages_above_and_dependencies=None, packages_above_depth=None, packages_select_by_dep=None, packages_skip_by_dep=None, packages_skip_up_to=None, packages_select_build_failed=False, packages_skip_build_finished=False, packages_select_test_failures=False, packages_skip_test_passed=False, packages_select=None, packages_skip=None, packages_select_regex=None, packages_skip_regex=None, packages_start=None, packages_end=None, allow_overriding=[], cmake_args=None, cmake_target=None, cmake_target_skip_unavailable=False, cmake_clean_cache=False, cmake_clean_first=False, cmake_force_configure=False, ament_cmake_args=None, catkin_cmake_args=None, catkin_skip_building_tests=False, mixin_files=None, mixin=None, verb_parser=<colcon_mixin.mixin.mixin_argument.MixinArgumentDecorator object at 0x7f6cc3e7e980>, verb_extension=<colcon_core.verb.build.BuildVerb object at 0x7f6cc4082e90>, main=<bound method BuildVerb.main of <colcon_core.verb.build.BuildVerb object at 0x7f6cc4082e90>>, mixin_verb=('build',))
[0.209s] Level 1:colcon.colcon_core.package_discovery:discover_packages(colcon_meta) check parameters
[0.209s] Level 1:colcon.colcon_core.package_discovery:discover_packages(recursive) check parameters
[0.209s] Level 1:colcon.colcon_core.package_discovery:discover_packages(ignore) check parameters
[0.209s] Level 1:colcon.colcon_core.package_discovery:discover_packages(path) check parameters
[0.209s] Level 1:colcon.colcon_core.package_discovery:discover_packages(colcon_meta) discover
[0.209s] Level 1:colcon.colcon_core.package_discovery:discover_packages(recursive) discover
[0.210s] INFO:colcon.colcon_core.package_discovery:Crawling recursively for packages in '/home/uonaim/mujoco_micro'
[0.210s] Level 1:colcon.colcon_core.package_identification:_identify(.) by extensions ['ignore', 'ignore_ament_install']
[0.210s] Level 1:colcon.colcon_core.package_identification:_identify(.) by extension 'ignore'
[0.210s] Level 1:colcon.colcon_core.package_identification:_identify(.) by extension 'ignore_ament_install'
[0.210s] Level 1:colcon.colcon_core.package_identification:_identify(.) by extensions ['colcon_pkg']
[0.210s] Level 1:colcon.colcon_core.package_identification:_identify(.) by extension 'colcon_pkg'
[0.210s] Level 1:colcon.colcon_core.package_identification:_identify(.) by extensions ['colcon_meta']
[0.210s] Level 1:colcon.colcon_core.package_identification:_identify(.) by extension 'colcon_meta'
[0.210s] Level 1:colcon.colcon_core.package_identification:_identify(.) by extensions ['ros']
[0.210s] Level 1:colcon.colcon_core.package_identification:_identify(.) by extension 'ros'
[0.219s] Level 1:colcon.colcon_core.package_identification:_identify(.) by extensions ['cmake', 'python']
[0.219s] Level 1:colcon.colcon_core.package_identification:_identify(.) by extension 'cmake'
[0.219s] Level 1:colcon.colcon_core.package_identification:_identify(.) by extension 'python'
[0.219s] Level 1:colcon.colcon_core.package_identification:_identify(.) by extensions ['python_setup_py']
[0.219s] Level 1:colcon.colcon_core.package_identification:_identify(.) by extension 'python_setup_py'
[0.219s] Level 1:colcon.colcon_core.package_identification:_identify(build) by extensions ['ignore', 'ignore_ament_install']
[0.219s] Level 1:colcon.colcon_core.package_identification:_identify(build) by extension 'ignore'
[0.219s] Level 1:colcon.colcon_core.package_identification:_identify(build) ignored
[0.219s] Level 1:colcon.colcon_core.package_identification:_identify(install) by extensions ['ignore', 'ignore_ament_install']
[0.219s] Level 1:colcon.colcon_core.package_identification:_identify(install) by extension 'ignore'
[0.219s] Level 1:colcon.colcon_core.package_identification:_identify(install) ignored
[0.219s] Level 1:colcon.colcon_core.package_identification:_identify(log) by extensions ['ignore', 'ignore_ament_install']
[0.219s] Level 1:colcon.colcon_core.package_identification:_identify(log) by extension 'ignore'
[0.220s] Level 1:colcon.colcon_core.package_identification:_identify(log) ignored
[0.220s] Level 1:colcon.colcon_core.package_identification:_identify(src) by extensions ['ignore', 'ignore_ament_install']
[0.220s] Level 1:colcon.colcon_core.package_identification:_identify(src) by extension 'ignore'
[0.220s] Level 1:colcon.colcon_core.package_identification:_identify(src) by extension 'ignore_ament_install'
[0.220s] Level 1:colcon.colcon_core.package_identification:_identify(src) by extensions ['colcon_pkg']
[0.220s] Level 1:colcon.colcon_core.package_identification:_identify(src) by extension 'colcon_pkg'
[0.220s] Level 1:colcon.colcon_core.package_identification:_identify(src) by extensions ['colcon_meta']
[0.220s] Level 1:colcon.colcon_core.package_identification:_identify(src) by extension 'colcon_meta'
[0.220s] Level 1:colcon.colcon_core.package_identification:_identify(src) by extensions ['ros']
[0.220s] Level 1:colcon.colcon_core.package_identification:_identify(src) by extension 'ros'
[0.220s] Level 1:colcon.colcon_core.package_identification:_identify(src) by extensions ['cmake', 'python']
[0.220s] Level 1:colcon.colcon_core.package_identification:_identify(src) by extension 'cmake'
[0.220s] Level 1:colcon.colcon_core.package_identification:_identify(src) by extension 'python'
[0.220s] Level 1:colcon.colcon_core.package_identification:_identify(src) by extensions ['python_setup_py']
[0.220s] Level 1:colcon.colcon_core.package_identification:_identify(src) by extension 'python_setup_py'
[0.220s] Level 1:colcon.colcon_core.package_identification:_identify(src/mujoco_micro) by extensions ['ignore', 'ignore_ament_install']
[0.220s] Level 1:colcon.colcon_core.package_identification:_identify(src/mujoco_micro) by extension 'ignore'
[0.220s] Level 1:colcon.colcon_core.package_identification:_identify(src/mujoco_micro) by extension 'ignore_ament_install'
[0.220s] Level 1:colcon.colcon_core.package_identification:_identify(src/mujoco_micro) by extensions ['colcon_pkg']
[0.220s] Level 1:colcon.colcon_core.package_identification:_identify(src/mujoco_micro) by extension 'colcon_pkg'
[0.220s] Level 1:colcon.colcon_core.package_identification:_identify(src/mujoco_micro) by extensions ['colcon_meta']
[0.220s] Level 1:colcon.colcon_core.package_identification:_identify(src/mujoco_micro) by extension 'colcon_meta'
[0.220s] Level 1:colcon.colcon_core.package_identification:_identify(src/mujoco_micro) by extensions ['ros']
[0.220s] Level 1:colcon.colcon_core.package_identification:_identify(src/mujoco_micro) by extension 'ros'
[0.222s] DEBUG:colcon.colcon_core.package_identification:Package 'src/mujoco_micro' with type 'ros.ament_cmake' and name 'mujoco_micro'
[0.222s] Level 1:colcon.colcon_core.package_discovery:discover_packages(recursive) using defaults
[0.222s] Level 1:colcon.colcon_core.package_discovery:discover_packages(ignore) discover
[0.222s] Level 1:colcon.colcon_core.package_discovery:discover_packages(ignore) using defaults
[0.222s] Level 1:colcon.colcon_core.package_discovery:discover_packages(path) discover
[0.222s] Level 1:colcon.colcon_core.package_discovery:discover_packages(path) using defaults
[0.256s] Level 1:colcon.colcon_core.package_discovery:discover_packages(prefix_path) check parameters
[0.256s] Level 1:colcon.colcon_core.package_discovery:discover_packages(prefix_path) discover
[0.258s] DEBUG:colcon.colcon_installed_package_information.package_discovery:Found 1 installed packages in /home/uonaim/mujoco_micro/install
[0.258s] DEBUG:colcon.colcon_installed_package_information.package_discovery:Found 4 installed packages in /home/uonaim/foot_ws/install
[0.259s] DEBUG:colcon.colcon_installed_package_information.package_discovery:Found 11 installed packages in /home/uonaim/rotors_ws/install
[0.259s] DEBUG:colcon.colcon_installed_package_information.package_discovery:Found 1 installed packages in /home/uonaim/catkin_vr/install
[0.260s] DEBUG:colcon.colcon_installed_package_information.package_discovery:Found 11 installed packages in /home/uonaim/softdrone_ws/install
[0.261s] DEBUG:colcon.colcon_installed_package_information.package_discovery:Found 242 installed packages in /opt/ros/humble
[0.262s] Level 1:colcon.colcon_core.package_discovery:discover_packages(prefix_path) using defaults
[0.285s] Level 5:colcon.colcon_core.verb:set package 'mujoco_micro' build argument 'cmake_args' from command line to 'None'
[0.285s] Level 5:colcon.colcon_core.verb:set package 'mujoco_micro' build argument 'cmake_target' from command line to 'None'
[0.285s] Level 5:colcon.colcon_core.verb:set package 'mujoco_micro' build argument 'cmake_target_skip_unavailable' from command line to 'False'
[0.285s] Level 5:colcon.colcon_core.verb:set package 'mujoco_micro' build argument 'cmake_clean_cache' from command line to 'False'
[0.286s] Level 5:colcon.colcon_core.verb:set package 'mujoco_micro' build argument 'cmake_clean_first' from command line to 'False'
[0.286s] Level 5:colcon.colcon_core.verb:set package 'mujoco_micro' build argument 'cmake_force_configure' from command line to 'False'
[0.286s] Level 5:colcon.colcon_core.verb:set package 'mujoco_micro' build argument 'ament_cmake_args' from command line to 'None'
[0.286s] Level 5:colcon.colcon_core.verb:set package 'mujoco_micro' build argument 'catkin_cmake_args' from command line to 'None'
[0.286s] Level 5:colcon.colcon_core.verb:set package 'mujoco_micro' build argument 'catkin_skip_building_tests' from command line to 'False'
[0.286s] DEBUG:colcon.colcon_core.verb:Building package 'mujoco_micro' with the following arguments: {'ament_cmake_args': None, 'build_base': '/home/uonaim/mujoco_micro/build/mujoco_micro', 'catkin_cmake_args': None, 'catkin_skip_building_tests': False, 'cmake_args': None, 'cmake_clean_cache': False, 'cmake_clean_first': False, 'cmake_force_configure': False, 'cmake_target': None, 'cmake_target_skip_unavailable': False, 'install_base': '/home/uonaim/mujoco_micro/install/mujoco_micro', 'merge_install': False, 'path': '/home/uonaim/mujoco_micro/src/mujoco_micro', 'symlink_install': False, 'test_result_base': None}
[0.286s] INFO:colcon.colcon_core.executor:Executing jobs using 'parallel' executor
[0.287s] DEBUG:colcon.colcon_parallel_executor.executor.parallel:run_until_complete
[0.287s] INFO:colcon.colcon_ros.task.ament_cmake.build:Building ROS package in '/home/uonaim/mujoco_micro/src/mujoco_micro' with build type 'ament_cmake'
[0.287s] INFO:colcon.colcon_cmake.task.cmake.build:Building CMake package in '/home/uonaim/mujoco_micro/src/mujoco_micro'
[0.289s] INFO:colcon.colcon_core.plugin_system:Skipping extension 'colcon_core.shell.bat': Not used on non-Windows systems
[0.289s] INFO:colcon.colcon_core.shell:Skip shell extension 'powershell' for command environment: Not usable outside of PowerShell
[0.289s] DEBUG:colcon.colcon_core.shell:Skip shell extension 'dsv' for command environment
[0.302s] DEBUG:colcon.colcon_core.event_handler.log_command:Invoking command in '/home/uonaim/mujoco_micro/build/mujoco_micro': CMAKE_PREFIX_PATH=${CMAKE_PREFIX_PATH}:/home/uonaim/softdrone_ws/install/soft_drone_controller:/home/uonaim/softdrone_ws/install/soem:/home/uonaim/softdrone_ws/install/imu_processor_pkg:/home/uonaim/softdrone_ws/install/deri:/home/uonaim/rotors_ws/install/soft_drone_controller:/opt/ros/humble NX_CONNECTION=10.176.85.17 63811 10.176.160.150 4000 /usr/bin/cmake --build /home/uonaim/mujoco_micro/build/mujoco_micro -- -j14 -l14
[0.492s] DEBUG:colcon.colcon_core.event_handler.log_command:Invoked command in '/home/uonaim/mujoco_micro/build/mujoco_micro' returned '0': CMAKE_PREFIX_PATH=${CMAKE_PREFIX_PATH}:/home/uonaim/softdrone_ws/install/soft_drone_controller:/home/uonaim/softdrone_ws/install/soem:/home/uonaim/softdrone_ws/install/imu_processor_pkg:/home/uonaim/softdrone_ws/install/deri:/home/uonaim/rotors_ws/install/soft_drone_controller:/opt/ros/humble NX_CONNECTION=10.176.85.17 63811 10.176.160.150 4000 /usr/bin/cmake --build /home/uonaim/mujoco_micro/build/mujoco_micro -- -j14 -l14
[0.508s] DEBUG:colcon.colcon_core.event_handler.log_command:Invoking command in '/home/uonaim/mujoco_micro/build/mujoco_micro': CMAKE_PREFIX_PATH=${CMAKE_PREFIX_PATH}:/home/uonaim/softdrone_ws/install/soft_drone_controller:/home/uonaim/softdrone_ws/install/soem:/home/uonaim/softdrone_ws/install/imu_processor_pkg:/home/uonaim/softdrone_ws/install/deri:/home/uonaim/rotors_ws/install/soft_drone_controller:/opt/ros/humble NX_CONNECTION=10.176.85.17 63811 10.176.160.150 4000 /usr/bin/cmake --install /home/uonaim/mujoco_micro/build/mujoco_micro
[0.543s] Level 1:colcon.colcon_core.environment:create_environment_scripts_only(mujoco_micro)
[0.543s] DEBUG:colcon.colcon_core.event_handler.log_command:Invoked command in '/home/uonaim/mujoco_micro/build/mujoco_micro' returned '0': CMAKE_PREFIX_PATH=${CMAKE_PREFIX_PATH}:/home/uonaim/softdrone_ws/install/soft_drone_controller:/home/uonaim/softdrone_ws/install/soem:/home/uonaim/softdrone_ws/install/imu_processor_pkg:/home/uonaim/softdrone_ws/install/deri:/home/uonaim/rotors_ws/install/soft_drone_controller:/opt/ros/humble NX_CONNECTION=10.176.85.17 63811 10.176.160.150 4000 /usr/bin/cmake --install /home/uonaim/mujoco_micro/build/mujoco_micro
[0.545s] Level 1:colcon.colcon_core.environment:checking '/home/uonaim/mujoco_micro/install/mujoco_micro' for CMake module files
[0.546s] Level 1:colcon.colcon_core.environment:checking '/home/uonaim/mujoco_micro/install/mujoco_micro' for CMake config files
[0.546s] Level 1:colcon.colcon_core.shell:create_environment_hook('mujoco_micro', 'cmake_prefix_path')
[0.546s] INFO:colcon.colcon_core.shell:Creating environment hook '/home/uonaim/mujoco_micro/install/mujoco_micro/share/mujoco_micro/hook/cmake_prefix_path.ps1'
[0.547s] INFO:colcon.colcon_core.shell:Creating environment descriptor '/home/uonaim/mujoco_micro/install/mujoco_micro/share/mujoco_micro/hook/cmake_prefix_path.dsv'
[0.547s] INFO:colcon.colcon_core.shell:Creating environment hook '/home/uonaim/mujoco_micro/install/mujoco_micro/share/mujoco_micro/hook/cmake_prefix_path.sh'
[0.548s] Level 1:colcon.colcon_core.environment:checking '/home/uonaim/mujoco_micro/install/mujoco_micro/lib'
[0.548s] Level 1:colcon.colcon_core.environment:checking '/home/uonaim/mujoco_micro/install/mujoco_micro/bin'
[0.548s] Level 1:colcon.colcon_core.environment:checking '/home/uonaim/mujoco_micro/install/mujoco_micro/lib/pkgconfig/mujoco_micro.pc'
[0.549s] Level 1:colcon.colcon_core.environment:checking '/home/uonaim/mujoco_micro/install/mujoco_micro/lib/python3.10/site-packages'
[0.549s] Level 1:colcon.colcon_core.environment:checking '/home/uonaim/mujoco_micro/install/mujoco_micro/bin'
[0.549s] INFO:colcon.colcon_core.shell:Creating package script '/home/uonaim/mujoco_micro/install/mujoco_micro/share/mujoco_micro/package.ps1'
[0.550s] INFO:colcon.colcon_core.shell:Creating package descriptor '/home/uonaim/mujoco_micro/install/mujoco_micro/share/mujoco_micro/package.dsv'
[0.550s] INFO:colcon.colcon_core.shell:Creating package script '/home/uonaim/mujoco_micro/install/mujoco_micro/share/mujoco_micro/package.sh'
[0.550s] INFO:colcon.colcon_core.shell:Creating package script '/home/uonaim/mujoco_micro/install/mujoco_micro/share/mujoco_micro/package.bash'
[0.551s] INFO:colcon.colcon_core.shell:Creating package script '/home/uonaim/mujoco_micro/install/mujoco_micro/share/mujoco_micro/package.zsh'
[0.551s] Level 1:colcon.colcon_core.environment:create_file_with_runtime_dependencies(/home/uonaim/mujoco_micro/install/mujoco_micro/share/colcon-core/packages/mujoco_micro)
[0.552s] Level 1:colcon.colcon_core.environment:create_environment_scripts_only(mujoco_micro)
[0.552s] Level 1:colcon.colcon_core.environment:checking '/home/uonaim/mujoco_micro/install/mujoco_micro' for CMake module files
[0.552s] Level 1:colcon.colcon_core.environment:checking '/home/uonaim/mujoco_micro/install/mujoco_micro' for CMake config files
[0.553s] Level 1:colcon.colcon_core.shell:create_environment_hook('mujoco_micro', 'cmake_prefix_path')
[0.553s] INFO:colcon.colcon_core.shell:Creating environment hook '/home/uonaim/mujoco_micro/install/mujoco_micro/share/mujoco_micro/hook/cmake_prefix_path.ps1'
[0.553s] INFO:colcon.colcon_core.shell:Creating environment descriptor '/home/uonaim/mujoco_micro/install/mujoco_micro/share/mujoco_micro/hook/cmake_prefix_path.dsv'
[0.553s] INFO:colcon.colcon_core.shell:Creating environment hook '/home/uonaim/mujoco_micro/install/mujoco_micro/share/mujoco_micro/hook/cmake_prefix_path.sh'
[0.554s] Level 1:colcon.colcon_core.environment:checking '/home/uonaim/mujoco_micro/install/mujoco_micro/lib'
[0.554s] Level 1:colcon.colcon_core.environment:checking '/home/uonaim/mujoco_micro/install/mujoco_micro/bin'
[0.554s] Level 1:colcon.colcon_core.environment:checking '/home/uonaim/mujoco_micro/install/mujoco_micro/lib/pkgconfig/mujoco_micro.pc'
[0.554s] Level 1:colcon.colcon_core.environment:checking '/home/uonaim/mujoco_micro/install/mujoco_micro/lib/python3.10/site-packages'
[0.554s] Level 1:colcon.colcon_core.environment:checking '/home/uonaim/mujoco_micro/install/mujoco_micro/bin'
[0.554s] INFO:colcon.colcon_core.shell:Creating package script '/home/uonaim/mujoco_micro/install/mujoco_micro/share/mujoco_micro/package.ps1'
[0.555s] INFO:colcon.colcon_core.shell:Creating package descriptor '/home/uonaim/mujoco_micro/install/mujoco_micro/share/mujoco_micro/package.dsv'
[0.555s] INFO:colcon.colcon_core.shell:Creating package script '/home/uonaim/mujoco_micro/install/mujoco_micro/share/mujoco_micro/package.sh'
[0.555s] INFO:colcon.colcon_core.shell:Creating package script '/home/uonaim/mujoco_micro/install/mujoco_micro/share/mujoco_micro/package.bash'
[0.556s] INFO:colcon.colcon_core.shell:Creating package script '/home/uonaim/mujoco_micro/install/mujoco_micro/share/mujoco_micro/package.zsh'
[0.556s] Level 1:colcon.colcon_core.environment:create_file_with_runtime_dependencies(/home/uonaim/mujoco_micro/install/mujoco_micro/share/colcon-core/packages/mujoco_micro)
[0.556s] DEBUG:colcon.colcon_parallel_executor.executor.parallel:closing loop
[0.557s] DEBUG:colcon.colcon_parallel_executor.executor.parallel:loop closed
[0.557s] DEBUG:colcon.colcon_parallel_executor.executor.parallel:run_until_complete finished with '0'
[0.557s] DEBUG:colcon.colcon_core.event_reactor:joining thread
[0.562s] INFO:colcon.colcon_core.plugin_system:Skipping extension 'colcon_notification.desktop_notification.terminal_notifier': Not used on non-Darwin systems
[0.562s] INFO:colcon.colcon_core.plugin_system:Skipping extension 'colcon_notification.desktop_notification.win32': Not used on non-Windows systems
[0.562s] INFO:colcon.colcon_notification.desktop_notification:Sending desktop notification using 'notify2'
[0.572s] DEBUG:colcon.colcon_core.event_reactor:joined thread
[0.573s] INFO:colcon.colcon_core.shell:Creating prefix script '/home/uonaim/mujoco_micro/install/local_setup.ps1'
[0.574s] INFO:colcon.colcon_core.shell:Creating prefix util module '/home/uonaim/mujoco_micro/install/_local_setup_util_ps1.py'
[0.575s] INFO:colcon.colcon_core.shell:Creating prefix chain script '/home/uonaim/mujoco_micro/install/setup.ps1'
[0.577s] INFO:colcon.colcon_core.shell:Creating prefix script '/home/uonaim/mujoco_micro/install/local_setup.sh'
[0.577s] INFO:colcon.colcon_core.shell:Creating prefix util module '/home/uonaim/mujoco_micro/install/_local_setup_util_sh.py'
[0.578s] INFO:colcon.colcon_core.shell:Creating prefix chain script '/home/uonaim/mujoco_micro/install/setup.sh'
[0.579s] INFO:colcon.colcon_core.shell:Creating prefix script '/home/uonaim/mujoco_micro/install/local_setup.bash'
[0.580s] INFO:colcon.colcon_core.shell:Creating prefix chain script '/home/uonaim/mujoco_micro/install/setup.bash'
[0.581s] INFO:colcon.colcon_core.shell:Creating prefix script '/home/uonaim/mujoco_micro/install/local_setup.zsh'
[0.582s] INFO:colcon.colcon_core.shell:Creating prefix chain script '/home/uonaim/mujoco_micro/install/setup.zsh'
